Ran 4 tests for test/Staking.t.sol:StakingTest
[PASS] testStake() (gas: 103284)
[PASS] testUnstake() (gas: 109143)
[PASS] testUnstakeRevertsIfInsufficient() (gas: 124826)
[PASS] testZeroAmountStakeReverts() (gas: 13493)
Suite result: ok. 4 passed; 0 failed; 0 skipped; finished in 1.03ms (540.60µs CPU time)

Ran 6 tests for test/ReportRegistry.t.sol:ReportRegistryTest
[PASS] testGetReportByIdNonExistent() (gas: 13516)
[PASS] testGetReportCount() (gas: 223878)
[PASS] testRegisterReport() (gas: 132000)
[PASS] testRegisterReportEmitsEvent() (gas: 130163)
[PASS] testRegisterReportOnlyOwner() (gas: 13871)
[PASS] testRegisterReportRevertsOnDuplicate() (gas: 129832)
Suite result: ok. 6 passed; 0 failed; 0 skipped; finished in 1.52ms (787.20µs CPU time)

Ran 2 tests for test/TreasuryVault.t.sol:TreasuryVaultTest
[PASS] testPullToRevertsIfNotController() (gas: 12700)
[PASS] testPullToSuccess() (gas: 52527)
Suite result: ok. 2 passed; 0 failed; 0 skipped; finished in 641.30µs (151.40µs CPU time)

Ran 8 tests for test/AIRProtocolCore.sol:AIRProtocolCoreTest
[PASS] test_CommitReport() (gas: 90882)
[PASS] test_ConstructorRevertsOnZeroAddress() (gas: 36061)
[PASS] test_Deployment() (gas: 7783)
[PASS] test_GetNonExistentReport() (gas: 15127)
[PASS] test_RevertWhen_EmptyReportCid() (gas: 13561)
[PASS] test_RevertWhen_NotValidator() (gas: 11529)
[PASS] test_RevertWhen_ReportAlreadyCommitted() (gas: 84083)
[PASS] test_RevertWhen_ZeroReportId() (gas: 11578)
Suite result: ok. 8 passed; 0 failed; 0 skipped; finished in 1.74ms (711.90µs CPU time)

Ran 8 tests for src/AIRProtocolCore.t.sol:AIRProtocolCoreTest
[PASS] test_CommitReport() (gas: 91257)
[PASS] test_ConstructorRevertsOnZeroAddress() (gas: 36061)
[PASS] test_Deployment() (gas: 7783)
[PASS] test_GetNonExistentReport() (gas: 15127)
[PASS] test_RevertWhen_EmptyReportCid() (gas: 13561)
[PASS] test_RevertWhen_NotValidator() (gas: 11529)
[PASS] test_RevertWhen_ReportAlreadyCommitted() (gas: 84083)
[PASS] test_RevertWhen_ZeroReportId() (gas: 11578)
Suite result: ok. 8 passed; 0 failed; 0 skipped; finished in 1.18ms (622.50µs CPU time)

Ran 10 tests for test/Emissionscontroller.t.sol:EmissionsControllerTest
[PASS] testCannotFundEpochTwice() (gas: 80387)
[PASS] testConstructorRevertsOnZeroAddress() (gas: 126108)
[PASS] testFundEpochEmitsEvent() (gas: 82633)
[PASS] testFundEpochSuccess() (gas: 90434)
[PASS] testFundingEpochIncreasesMerkleBalance() (gas: 87258)
[PASS] testOnlyOwnerCanFundEpoch() (gas: 10831)
[PASS] testSetWeeklyEmission() (gas: 19637)
[PASS] testSetWeeklyEmissionOnlyOwner() (gas: 11235)
[PASS] testTreasuryPullIsCorrect() (gas: 87279)
[PASS] testWeeklyEmissionEvent() (gas: 20157)
Suite result: ok. 10 passed; 0 failed; 0 skipped; finished in 1.81ms (1.48ms CPU time)

Ran 2 tests for test/AIRTokenAdvanced.t.sol:AIRTokenAdvancedTest
[PASS] testMetaTxTransfer() (gas: 89260)
[PASS] testPermit() (gas: 86070)
Suite result: ok. 2 passed; 0 failed; 0 skipped; finished in 2.19ms (1.99ms CPU time)

Ran 9 tests for test/MerkleDistributorEpoch.t.sol:MerkleDistributorEpochTest
[PASS] testCannotClaimTwice() (gas: 81315)
[PASS] testClaimUser1() (gas: 82979)
[PASS] testClaimUser2() (gas: 83090)
[PASS] testEpochNotSetFails() (gas: 16090)
[PASS] testInvalidProofFails() (gas: 19217)
[PASS] testMultipleEpochsAreSeparated() (gas: 102548)
[PASS] testOnlyOwnerCanSetRoot() (gas: 13048)
[PASS] testRootCannotBeSetTwice() (gas: 19435)
[PASS] testZeroAmountClaimStillWorks() (gas: 79826)
Suite result: ok. 9 passed; 0 failed; 0 skipped; finished in 1.72ms (913.00µs CPU time)

Ran 4 tests for test/AIRToken.t.sol:AIRTokenTest
[PASS] testApproveAndTransferFrom() (gas: 39758)
[PASS] testInitialSupply() (gas: 12932)
[PASS] testTransfer() (gas: 23133)
[PASS] testTransferFromRevertsWithoutApproval() (gas: 15976)
Suite result: ok. 4 passed; 0 failed; 0 skipped; finished in 5.46ms (439.50µs CPU time)

Ran 22 tests for src/AirdropController.t.sol:AirdropControllerTest
[PASS] testAddCoAdminRevertsOnZeroAddress() (gas: 13532)
[PASS] testAdminManagement() (gas: 38963)
[PASS] testCoAdminCanCreateBatch() (gas: 96951)
[PASS] testConstructorRevertsOnZeroAddress() (gas: 75398)
[PASS] testCreateBatch() (gas: 62351)
[PASS] testCreateBatchUpdatesExisting() (gas: 64068)
[PASS] testDeployment() (gas: 13939)
[PASS] testDistributeBatch() (gas: 244801)
[PASS] testDistributeBatchRevertsOnAlreadyDistributed() (gas: 187634)
[PASS] testDistributeBatchRevertsOnExceedingAllocation() (gas: 110944)
[PASS] testDistributeBatchRevertsOnInsufficientBalance() (gas: 22549)
[PASS] testDistributeBatchRevertsOnLengthMismatch() (gas: 16960)
[PASS] testDistributeBatchRevertsOnZeroAddressRecipient() (gas: 109208)
[PASS] testDistributeBatchWithEmptyArrays() (gas: 13793)
[PASS] testEmergencyWithdraw() (gas: 65136)
[PASS] testEmergencyWithdrawRevertsOnZeroAddress() (gas: 13480)
[PASS] testFund() (gas: 56758)
[PASS] testFundRevertsOnZeroAmount() (gas: 13303)
[PASS] testOnlyAdminOrCoAdminReverts() (gas: 15660)
[PASS] testStressDistributeBatch() (gas: 10406418)
[PASS] testWithdrawUnallocated() (gas: 64524)
[PASS] testWithdrawUnallocatedRevertsOnZeroAddress() (gas: 15777)
Suite result: ok. 22 passed; 0 failed; 0 skipped; finished in 6.27ms (8.12ms CPU time)

Ran 22 tests for test/EpochAirdrop.t.sol:AirdropControllerTest
[PASS] testAddCoAdminRevertsOnZeroAddress() (gas: 13532)
[PASS] testAdminManagement() (gas: 38963)
[PASS] testCoAdminCanCreateBatch() (gas: 96951)
[PASS] testConstructorRevertsOnZeroAddress() (gas: 75398)
[PASS] testCreateBatch() (gas: 62351)
[PASS] testCreateBatchUpdatesExisting() (gas: 64068)
[PASS] testDeployment() (gas: 13939)
[PASS] testDistributeBatch() (gas: 244801)
[PASS] testDistributeBatchRevertsOnAlreadyDistributed() (gas: 187634)
[PASS] testDistributeBatchRevertsOnExceedingAllocation() (gas: 110944)
[PASS] testDistributeBatchRevertsOnInsufficientBalance() (gas: 22549)
[PASS] testDistributeBatchRevertsOnLengthMismatch() (gas: 16960)
[PASS] testDistributeBatchRevertsOnZeroAddressRecipient() (gas: 109208)
[PASS] testDistributeBatchWithEmptyArrays() (gas: 13793)
[PASS] testEmergencyWithdraw() (gas: 65136)
[PASS] testEmergencyWithdrawRevertsOnZeroAddress() (gas: 13480)
[PASS] testFund() (gas: 56758)
[PASS] testFundRevertsOnZeroAmount() (gas: 13303)
[PASS] testOnlyAdminOrCoAdminReverts() (gas: 15660)
[PASS] testStressDistributeBatch() (gas: 10406418)
[PASS] testWithdrawUnallocated() (gas: 64524)
[PASS] testWithdrawUnallocatedRevertsOnZeroAddress() (gas: 15777)
Suite result: ok. 22 passed; 0 failed; 0 skipped; finished in 6.32ms (6.97ms CPU time)

Ran 2 tests for test/Counter.t.sol:CounterTest
[PASS] testFuzz_SetNumber(uint256) (runs: 256, μ: 28046, ~: 28435)
[PASS] test_Increment() (gas: 28448)
Suite result: ok. 2 passed; 0 failed; 0 skipped; finished in 9.48ms (8.85ms CPU time)

Ran 12 test suites in 21.49ms (39.36ms CPU time): 99 tests passed, 0 failed, 0 skipped (99 total tests)